// Jest Snapshot v1, https://goo.gl/fbAQLP

exports[`renders correctly 1`] = `
<Text
  style={
    Object {
      "color": "#03606A",
      "fontFamily": "Avenir-Medium",
      "fontSize": 14,
    }
  }
/>
`;
